Release 14.7 - xst P.20131013 (lin64)
Copyright (c) 1995-2013 Xilinx, Inc.  All rights reserved.
--> 
Parameter TMPDIR set to xst/projnav.tmp


Total REAL time to Xst completion: 0.00 secs
Total CPU time to Xst completion: 0.04 secs
 
--> 
Parameter xsthdpdir set to xst


Total REAL time to Xst completion: 0.00 secs
Total CPU time to Xst completion: 0.04 secs
 
--> 
Reading design: sdram_test.prj

TABLE OF CONTENTS
  1) Synthesis Options Summary
  2) HDL Parsing
  3) HDL Elaboration
  4) HDL Synthesis
       4.1) HDL Synthesis Report
  5) Advanced HDL Synthesis
       5.1) Advanced HDL Synthesis Report
  6) Low Level Synthesis
  7) Partition Report
  8) Design Summary
       8.1) Primitive and Black Box Usage
       8.2) Device utilization summary
       8.3) Partition Resource Summary
       8.4) Timing Report
            8.4.1) Clock Information
            8.4.2) Asynchronous Control Signals Information
            8.4.3) Timing Summary
            8.4.4) Timing Details
            8.4.5) Cross Clock Domains Report


=========================================================================
*                      Synthesis Options Summary                        *
=========================================================================
---- Source Parameters
Input File Name                    : "sdram_test.prj"
Ignore Synthesis Constraint File   : NO

---- Target Parameters
Output File Name                   : "sdram_test"
Output Format                      : NGC
Target Device                      : xc6slx16-3-ftg256

---- Source Options
Top Module Name                    : sdram_test
Automatic FSM Extraction           : YES
FSM Encoding Algorithm             : Auto
Safe Implementation                : No
FSM Style                          : LUT
RAM Extraction                     : Yes
RAM Style                          : Auto
ROM Extraction                     : Yes
Shift Register Extraction          : YES
ROM Style                          : Auto
Resource Sharing                   : YES
Asynchronous To Synchronous        : NO
Shift Register Minimum Size        : 2
Use DSP Block                      : Auto
Automatic Register Balancing       : No

---- Target Options
LUT Combining                      : Auto
Reduce Control Sets                : Auto
Add IO Buffers                     : YES
Global Maximum Fanout              : 100000
Add Generic Clock Buffer(BUFG)     : 16
Register Duplication               : YES
Optimize Instantiated Primitives   : NO
Use Clock Enable                   : Auto
Use Synchronous Set                : Auto
Use Synchronous Reset              : Auto
Pack IO Registers into IOBs        : Auto
Equivalent register Removal        : YES

---- General Options
Optimization Goal                  : Speed
Optimization Effort                : 1
Power Reduction                    : NO
Keep Hierarchy                     : No
Netlist Hierarchy                  : As_Optimized
RTL Output                         : Yes
Global Optimization                : AllClockNets
Read Cores                         : YES
Write Timing Constraints           : NO
Cross Clock Analysis               : NO
Hierarchy Separator                : /
Bus Delimiter                      : <>
Case Specifier                     : Maintain
Slice Utilization Ratio            : 100
BRAM Utilization Ratio             : 100
DSP48 Utilization Ratio            : 100
Auto BRAM Packing                  : NO
Slice Utilization Ratio Delta      : 5

---- Other Options
Cores Search Directories           : {"ipcore_dir"  }

=========================================================================


=========================================================================
*                          HDL Parsing                                  *
=========================================================================
Analyzing Verilog file "/home/ise/88-ISE_share/spi-simulator/ipcore_dir/sdram_pll.v" into library work
Parsing module <sdram_pll>.
Analyzing Verilog file "/home/ise/88-ISE_share/spi-simulator/ipcore_dir/wrfifo.v" into library work
Parsing module <wrfifo>.
Analyzing Verilog file "/home/ise/88-ISE_share/spi-simulator/ipcore_dir/rdfifo.v" into library work
Parsing module <rdfifo>.
Analyzing Verilog file "/home/ise/88-ISE_share/spi-simulator/design_rtl/sdram_controllor/sdram_ip/sdram_wr_data.v" into library work
Parsing module <sdram_wr_data>.
Parsing verilog file "/home/ise/88-ISE_share/spi-simulator/design_rtl/sdram_controllor/sdram_ip/sdram_para.v" included at line 25.
WARNING:HDLCompiler:1142 - "/home/ise/88-ISE_share/spi-simulator/design_rtl/sdram_controllor/sdram_ip/sdram_wr_data.v" Line 1: Compiler directive `timescale is not allowed here
Analyzing Verilog file "/home/ise/88-ISE_share/spi-simulator/design_rtl/sdram_controllor/sdram_ip/sdram_ctrl.v" into library work
Parsing module <sdram_ctrl>.
Parsing verilog file "/home/ise/88-ISE_share/spi-simulator/design_rtl/sdram_controllor/sdram_ip/sdram_para.v" included at line 49.
WARNING:HDLCompiler:1142 - "/home/ise/88-ISE_share/spi-simulator/design_rtl/sdram_controllor/sdram_ip/sdram_ctrl.v" Line 1: Compiler directive `timescale is not allowed here
Analyzing Verilog file "/home/ise/88-ISE_share/spi-simulator/design_rtl/sdram_controllor/sdram_ip/sdram_cmd.v" into library work
Parsing module <sdram_cmd>.
Parsing verilog file "/home/ise/88-ISE_share/spi-simulator/design_rtl/sdram_controllor/sdram_ip/sdram_para.v" included at line 38.
WARNING:HDLCompiler:1142 - "/home/ise/88-ISE_share/spi-simulator/design_rtl/sdram_controllor/sdram_ip/sdram_cmd.v" Line 1: Compiler directive `timescale is not allowed here
Analyzing Verilog file "/home/ise/88-ISE_share/spi-simulator/design_rtl/sdram_controllor/sdram_ip/sdram_top.v" into library work
Parsing module <sdram_top>.
Analyzing Verilog file "/home/ise/88-ISE_share/spi-simulator/design_rtl/sdram_controllor/sdram_ip/dcfifo_ctrl.v" into library work
Parsing module <dcfifo_ctrl>.
Analyzing Verilog file "/home/ise/88-ISE_share/spi-simulator/design_rtl/sdram_controllor/system_ctrl.v" into library work
Parsing module <system_ctrl>.
Analyzing Verilog file "/home/ise/88-ISE_share/spi-simulator/design_rtl/sdram_controllor/sdram_ip/sdram_2fifo_top.v" into library work
Parsing module <sdram_2fifo_top>.
WARNING:HDLCompiler:751 - "/home/ise/88-ISE_share/spi-simulator/design_rtl/sdram_controllor/sdram_ip/sdram_2fifo_top.v" Line 68: Redeclaration of ansi port sdram_wr_req is not allowed
WARNING:HDLCompiler:751 - "/home/ise/88-ISE_share/spi-simulator/design_rtl/sdram_controllor/sdram_ip/sdram_2fifo_top.v" Line 70: Redeclaration of ansi port sdram_rd_req is not allowed
Analyzing Verilog file "/home/ise/88-ISE_share/spi-simulator/design_rtl/sdram_controllor/sdram_test.v" into library work
Parsing module <sdram_test>.

=========================================================================
*                            HDL Elaboration                            *
=========================================================================
WARNING:HDLCompiler:1016 - "/home/ise/88-ISE_share/spi-simulator/design_rtl/sdram_controllor/sdram_test.v" Line 83: Port sdram_wr_req is not connected to this instance

Elaborating module <sdram_test>.

Elaborating module <system_ctrl>.

Elaborating module <sdram_pll>.

Elaborating module <IBUFG>.

Elaborating module <DCM_SP(CLKDV_DIVIDE=2.0,CLKFX_DIVIDE=1,CLKFX_MULTIPLY=4,CLKIN_DIVIDE_BY_2="FALSE",CLKIN_PERIOD=20.0,CLKOUT_PHASE_SHIFT="NONE",CLK_FEEDBACK="1X",DESKEW_ADJUST="SYSTEM_SYNCHRONOUS",PHASE_SHIFT=0,STARTUP_WAIT="FALSE")>.
WARNING:HDLCompiler:1127 - "/home/ise/88-ISE_share/spi-simulator/ipcore_dir/sdram_pll.v" Line 137: Assignment to status_int ignored, since the identifier is never used

Elaborating module <BUFG>.
WARNING:HDLCompiler:1127 - "/home/ise/88-ISE_share/spi-simulator/design_rtl/sdram_controllor/system_ctrl.v" Line 47: Assignment to locked ignored, since the identifier is never used

Elaborating module <sdram_2fifo_top>.

Elaborating module <sdram_top>.

Elaborating module <sdram_ctrl>.

Elaborating module <sdram_cmd>.

Elaborating module <sdram_wr_data>.

Elaborating module <dcfifo_ctrl>.

Elaborating module <wrfifo>.
WARNING:HDLCompiler:1499 - "/home/ise/88-ISE_share/spi-simulator/ipcore_dir/wrfifo.v" Line 39: Empty module <wrfifo> remains a black box.

Elaborating module <rdfifo>.
WARNING:HDLCompiler:1499 - "/home/ise/88-ISE_share/spi-simulator/ipcore_dir/rdfifo.v" Line 39: Empty module <rdfifo> remains a black box.
WARNING:HDLCompiler:189 - "/home/ise/88-ISE_share/spi-simulator/design_rtl/sdram_controllor/sdram_test.v" Line 102: Size mismatch in connection of port <sdram_addr>. Formal port size is 12-bit while actual signal size is 13-bit.
WARNING:HDLCompiler:1127 - "/home/ise/88-ISE_share/spi-simulator/design_rtl/sdram_controllor/sdram_test.v" Line 140: Assignment to TRIG0 ignored, since the identifier is never used
WARNING:HDLCompiler:1127 - "/home/ise/88-ISE_share/spi-simulator/design_rtl/sdram_controllor/sdram_test.v" Line 141: Assignment to TRIG0 ignored, since the identifier is never used
WARNING:HDLCompiler:1127 - "/home/ise/88-ISE_share/spi-simulator/design_rtl/sdram_controllor/sdram_test.v" Line 142: Assignment to TRIG0 ignored, since the identifier is never used
WARNING:HDLCompiler:1127 - "/home/ise/88-ISE_share/spi-simulator/design_rtl/sdram_controllor/sdram_test.v" Line 143: Assignment to TRIG0 ignored, since the identifier is never used

=========================================================================
*                           HDL Synthesis                               *
=========================================================================

Synthesizing Unit <sdram_test>.
    Related source file is "/home/ise/88-ISE_share/spi-simulator/design_rtl/sdram_controllor/sdram_test.v".
INFO:Xst:3210 - "/home/ise/88-ISE_share/spi-simulator/design_rtl/sdram_controllor/sdram_test.v" line 68: Output port <clk_c3> of the instance <u_system_ctrl> is unconnected or connected to loadless signal.
INFO:Xst:3210 - "/home/ise/88-ISE_share/spi-simulator/design_rtl/sdram_controllor/sdram_test.v" line 83: Output port <sys_data_out> of the instance <u_sdram_2fifo_top> is unconnected or connected to loadless signal.
INFO:Xst:3210 - "/home/ise/88-ISE_share/spi-simulator/design_rtl/sdram_controllor/sdram_test.v" line 83: Output port <sdram_wr_req> of the instance <u_sdram_2fifo_top> is unconnected or connected to loadless signal.
INFO:Xst:3210 - "/home/ise/88-ISE_share/spi-simulator/design_rtl/sdram_controllor/sdram_test.v" line 83: Output port <sdram_rd_req> of the instance <u_sdram_2fifo_top> is unconnected or connected to loadless signal.
INFO:Xst:3210 - "/home/ise/88-ISE_share/spi-simulator/design_rtl/sdram_controllor/sdram_test.v" line 83: Output port <frame_write_done> of the instance <u_sdram_2fifo_top> is unconnected or connected to loadless signal.
INFO:Xst:3210 - "/home/ise/88-ISE_share/spi-simulator/design_rtl/sdram_controllor/sdram_test.v" line 83: Output port <frame_read_done> of the instance <u_sdram_2fifo_top> is unconnected or connected to loadless signal.
    Found 1-bit register for signal <rd_load>.
    Found 1-bit register for signal <wr_load>.
    Found 10-bit register for signal <counter>.
    Found 16-bit register for signal <sys_data_in>.
    Found 4-bit register for signal <i>.
    Found 1-bit register for signal <sys_rd>.
    Found 1-bit register for signal <sys_we>.
    Found 4-bit adder for signal <i[3]_GND_1_o_add_0_OUT> created at line 50.
    Found 10-bit adder for signal <counter[9]_GND_1_o_add_4_OUT> created at line 55.
    Found 4-bit 4-to-1 multiplexer for signal <_n0078> created at line 48.
    Summary:
	inferred   2 Adder/Subtractor(s).
	inferred  34 D-type flip-flop(s).
	inferred   8 Multiplexer(s).
Unit <sdram_test> synthesized.

Synthesizing Unit <system_ctrl>.
    Related source file is "/home/ise/88-ISE_share/spi-simulator/design_rtl/sdram_controllor/system_ctrl.v".
INFO:Xst:3210 - "/home/ise/88-ISE_share/spi-simulator/design_rtl/sdram_controllor/system_ctrl.v" line 43: Output port <LOCKED> of the instance <u_sdram_pll> is unconnected or connected to loadless signal.
    Found 10-bit register for signal <delay_cnt>.
    Found 1-bit register for signal <delay_done>.
    Found 10-bit adder for signal <delay_cnt[9]_GND_2_o_add_1_OUT> created at line 34.
    Summary:
	inferred   1 Adder/Subtractor(s).
	inferred  11 D-type flip-flop(s).
Unit <system_ctrl> synthesized.

Synthesizing Unit <sdram_pll>.
    Related source file is "/home/ise/88-ISE_share/spi-simulator/ipcore_dir/sdram_pll.v".
    Summary:
	no macro.
Unit <sdram_pll> synthesized.

Synthesizing Unit <sdram_2fifo_top>.
    Related source file is "/home/ise/88-ISE_share/spi-simulator/design_rtl/sdram_controllor/sdram_ip/sdram_2fifo_top.v".
    Summary:
	no macro.
Unit <sdram_2fifo_top> synthesized.

Synthesizing Unit <sdram_top>.
    Related source file is "/home/ise/88-ISE_share/spi-simulator/design_rtl/sdram_controllor/sdram_ip/sdram_top.v".
    Summary:
	no macro.
Unit <sdram_top> synthesized.

Synthesizing Unit <sdram_ctrl>.
    Related source file is "/home/ise/88-ISE_share/spi-simulator/design_rtl/sdram_controllor/sdram_ip/sdram_ctrl.v".
        TRP_CLK = 9'b000000100
        TRFC_CLK = 9'b000000110
        TMRD_CLK = 9'b000000110
        TRCD_CLK = 9'b000000010
        TCL_CLK = 9'b000000011
        TDAL_CLK = 9'b000000011
    Found 4-bit register for signal <init_state_r>.
    Found 4-bit register for signal <work_state_r>.
    Found 11-bit register for signal <cnt_15us>.
    Found 9-bit register for signal <cnt_clk_r>.
    Found 15-bit register for signal <cnt_200us>.
    Found 1-bit register for signal <sdram_ref_req>.
    Found 1-bit register for signal <sys_r_wn>.
    Found finite state machine <FSM_0> for signal <init_state_r>.
    -----------------------------------------------------------------------
    | States             | 10                                             |
    | Transitions        | 15                                             |
    | Inputs             | 3                                              |
    | Outputs            | 6                                              |
    | Clock              | clk (rising_edge)                              |
    | Reset              | rst_n (negative)                               |
    | Reset type         | asynchronous                                   |
    | Reset State        | 0000                                           |
    | Encoding           | auto                                           |
    | Implementation     | LUT                                            |
    -----------------------------------------------------------------------
INFO:Xst:1799 - State 0110 is never reached in FSM <work_state_r>.
    Found finite state machine <FSM_1> for signal <work_state_r>.
    -----------------------------------------------------------------------
    | States             | 12                                             |
    | Transitions        | 22                                             |
    | Inputs             | 12                                             |
    | Outputs            | 9                                              |
    | Clock              | clk (rising_edge)                              |
    | Reset              | rst_n (negative)                               |
    | Reset type         | asynchronous                                   |
    | Reset State        | 0000                                           |
    | Encoding           | auto                                           |
    | Implementation     | LUT                                            |
    -----------------------------------------------------------------------
    Found 15-bit adder for signal <cnt_200us[14]_GND_9_o_add_1_OUT> created at line 71.
    Found 11-bit adder for signal <cnt_15us[10]_GND_9_o_add_19_OUT> created at line 107.
    Found 9-bit adder for signal <cnt_clk_r[8]_GND_9_o_add_57_OUT> created at line 213.
    Found 15-bit comparator greater for signal <cnt_200us[14]_PWR_9_o_LessThan_1_o> created at line 71
    Found 11-bit comparator greater for signal <cnt_15us[10]_PWR_9_o_LessThan_19_o> created at line 107
    Found 9-bit comparator greater for signal <cnt_clk_r[8]_sdwr_byte[8]_LessThan_53_o> created at line 197
    Found 9-bit comparator lessequal for signal <n0066> created at line 200
    Found 9-bit comparator greater for signal <cnt_clk_r[8]_sdrd_byte[8]_LessThan_57_o> created at line 200
    Summary:
	inferred   3 Adder/Subtractor(s).
	inferred  37 D-type flip-flop(s).
	inferred   5 Comparator(s).
	inferred  12 Multiplexer(s).
	inferred   2 Finite State Machine(s).
Unit <sdram_ctrl> synthesized.

Synthesizing Unit <sdram_cmd>.
    Related source file is "/home/ise/88-ISE_share/spi-simulator/design_rtl/sdram_controllor/sdram_ip/sdram_cmd.v".
    Found 12-bit register for signal <sdram_addr_r>.
    Found 2-bit register for signal <sdram_ba_r>.
    Found 5-bit register for signal <sdram_cmd_r>.
    Summary:
	inferred  19 D-type flip-flop(s).
	inferred  44 Multiplexer(s).
Unit <sdram_cmd> synthesized.

Synthesizing Unit <sdram_wr_data>.
    Related source file is "/home/ise/88-ISE_share/spi-simulator/design_rtl/sdram_controllor/sdram_ip/sdram_wr_data.v".
WARNING:Xst:647 - Input <cnt_clk> is never used. This port will be preserved and left unconnected if it belongs to a top-level block or it belongs to a sub-block and the hierarchy of this sub-block is preserved.
    Found 16-bit register for signal <sdr_dout>.
    Found 16-bit register for signal <sdr_din>.
    Found 1-bit register for signal <sdr_dlink>.
    Found 1-bit tristate buffer for signal <sdram_data<15>> created at line 46
    Found 1-bit tristate buffer for signal <sdram_data<14>> created at line 46
    Found 1-bit tristate buffer for signal <sdram_data<13>> created at line 46
    Found 1-bit tristate buffer for signal <sdram_data<12>> created at line 46
    Found 1-bit tristate buffer for signal <sdram_data<11>> created at line 46
    Found 1-bit tristate buffer for signal <sdram_data<10>> created at line 46
    Found 1-bit tristate buffer for signal <sdram_data<9>> created at line 46
    Found 1-bit tristate buffer for signal <sdram_data<8>> created at line 46
    Found 1-bit tristate buffer for signal <sdram_data<7>> created at line 46
    Found 1-bit tristate buffer for signal <sdram_data<6>> created at line 46
    Found 1-bit tristate buffer for signal <sdram_data<5>> created at line 46
    Found 1-bit tristate buffer for signal <sdram_data<4>> created at line 46
    Found 1-bit tristate buffer for signal <sdram_data<3>> created at line 46
    Found 1-bit tristate buffer for signal <sdram_data<2>> created at line 46
    Found 1-bit tristate buffer for signal <sdram_data<1>> created at line 46
    Found 1-bit tristate buffer for signal <sdram_data<0>> created at line 46
    Summary:
	inferred  33 D-type flip-flop(s).
	inferred  16 Tristate(s).
Unit <sdram_wr_data> synthesized.

Synthesizing Unit <dcfifo_ctrl>.
    Related source file is "/home/ise/88-ISE_share/spi-simulator/design_rtl/sdram_controllor/sdram_ip/dcfifo_ctrl.v".
INFO:Xst:3210 - "/home/ise/88-ISE_share/spi-simulator/design_rtl/sdram_controllor/sdram_ip/dcfifo_ctrl.v" line 208: Output port <wr_data_count> of the instance <u_wrfifo> is unconnected or connected to loadless signal.
INFO:Xst:3210 - "/home/ise/88-ISE_share/spi-simulator/design_rtl/sdram_controllor/sdram_ip/dcfifo_ctrl.v" line 208: Output port <full> of the instance <u_wrfifo> is unconnected or connected to loadless signal.
INFO:Xst:3210 - "/home/ise/88-ISE_share/spi-simulator/design_rtl/sdram_controllor/sdram_ip/dcfifo_ctrl.v" line 208: Output port <empty> of the instance <u_wrfifo> is unconnected or connected to loadless signal.
INFO:Xst:3210 - "/home/ise/88-ISE_share/spi-simulator/design_rtl/sdram_controllor/sdram_ip/dcfifo_ctrl.v" line 229: Output port <rd_data_count> of the instance <u_rdfifo> is unconnected or connected to loadless signal.
INFO:Xst:3210 - "/home/ise/88-ISE_share/spi-simulator/design_rtl/sdram_controllor/sdram_ip/dcfifo_ctrl.v" line 229: Output port <full> of the instance <u_rdfifo> is unconnected or connected to loadless signal.
INFO:Xst:3210 - "/home/ise/88-ISE_share/spi-simulator/design_rtl/sdram_controllor/sdram_ip/dcfifo_ctrl.v" line 229: Output port <empty> of the instance <u_rdfifo> is unconnected or connected to loadless signal.
    Found 22-bit register for signal <sdram_wraddr>.
    Found 22-bit register for signal <sdram_rdaddr>.
    Found 1-bit register for signal <sdram_wr_ackr2>.
    Found 1-bit register for signal <sdram_rd_ackr1>.
    Found 1-bit register for signal <sdram_rd_ackr2>.
    Found 1-bit register for signal <wr_load_r1>.
    Found 1-bit register for signal <wr_load_r2>.
    Found 1-bit register for signal <rd_load_r1>.
    Found 1-bit register for signal <rd_load_r2>.
    Found 1-bit register for signal <frame_write_done>.
    Found 1-bit register for signal <frame_read_done>.
    Found 1-bit register for signal <sdram_wr_req>.
    Found 1-bit register for signal <sdram_rd_req>.
    Found 1-bit register for signal <sdram_wr_ackr1>.
    Found 22-bit adder for signal <sdram_wraddr[21]_GND_29_o_add_2_OUT> created at line 118.
    Found 22-bit adder for signal <sdram_rdaddr[21]_GND_29_o_add_9_OUT> created at line 152.
    Found 22-bit comparator lessequal for signal <sdram_wraddr[21]_wr_max_addr[21]_LessThan_2_o> created at line 116
    Found 22-bit comparator lessequal for signal <sdram_rdaddr[21]_rd_max_addr[21]_LessThan_9_o> created at line 150
    Found 9-bit comparator lessequal for signal <n0040> created at line 183
    Found 9-bit comparator greater for signal <rdf_use[8]_rd_length[8]_LessThan_17_o> created at line 188
    Summary:
	inferred   2 Adder/Subtractor(s).
	inferred  56 D-type flip-flop(s).
	inferred   4 Comparator(s).
	inferred   7 Multiplexer(s).
Unit <dcfifo_ctrl> synthesized.

=========================================================================
HDL Synthesis Report

Macro Statistics
# Adders/Subtractors                                   : 8
 10-bit adder                                          : 2
 11-bit adder                                          : 1
 15-bit adder                                          : 1
 22-bit adder                                          : 2
 4-bit adder                                           : 1
 9-bit adder                                           : 1
# Registers                                            : 34
 1-bit register                                        : 20
 10-bit register                                       : 2
 11-bit register                                       : 1
 12-bit register                                       : 1
 15-bit register                                       : 1
 16-bit register                                       : 3
 2-bit register                                        : 1
 22-bit register                                       : 2
 4-bit register                                        : 1
 5-bit register                                        : 1
 9-bit register                                        : 1
# Comparators                                          : 9
 11-bit comparator greater                             : 1
 15-bit comparator greater                             : 1
 22-bit comparator lessequal                           : 2
 9-bit comparator greater                              : 3
 9-bit comparator lessequal                            : 2
# Multiplexers                                         : 71
 1-bit 2-to-1 multiplexer                              : 17
 10-bit 2-to-1 multiplexer                             : 2
 11-bit 2-to-1 multiplexer                             : 1
 12-bit 2-to-1 multiplexer                             : 14
 2-bit 2-to-1 multiplexer                              : 14
 22-bit 2-to-1 multiplexer                             : 3
 4-bit 2-to-1 multiplexer                              : 3
 4-bit 4-to-1 multiplexer                              : 1
 5-bit 2-to-1 multiplexer                              : 15
 9-bit 2-to-1 multiplexer                              : 1
# Tristates                                            : 16
 1-bit tristate buffer                                 : 16
# FSMs                                                 : 2

=========================================================================

=========================================================================
*                       Advanced HDL Synthesis                          *
=========================================================================

Reading core <ipcore_dir/wrfifo.ngc>.
Reading core <ipcore_dir/rdfifo.ngc>.
Loading core <wrfifo> for timing and area information for instance <u_wrfifo>.
Loading core <rdfifo> for timing and area information for instance <u_rdfifo>.
WARNING:Xst:1710 - FF/Latch <sys_data_in_10> (without init value) has a constant value of 0 in block <sdram_test>. This FF/Latch will be trimmed during the optimization process.
WARNING:Xst:1710 - FF/Latch <sys_data_in_11> (without init value) has a constant value of 0 in block <sdram_test>. This FF/Latch will be trimmed during the optimization process.
WARNING:Xst:1710 - FF/Latch <sys_data_in_12> (without init value) has a constant value of 0 in block <sdram_test>. This FF/Latch will be trimmed during the optimization process.
WARNING:Xst:1710 - FF/Latch <sys_data_in_13> (without init value) has a constant value of 0 in block <sdram_test>. This FF/Latch will be trimmed during the optimization process.
WARNING:Xst:1710 - FF/Latch <sys_data_in_14> (without init value) has a constant value of 0 in block <sdram_test>. This FF/Latch will be trimmed during the optimization process.
WARNING:Xst:1710 - FF/Latch <sys_data_in_15> (without init value) has a constant value of 0 in block <sdram_test>. This FF/Latch will be trimmed during the optimization process.
WARNING:Xst:2404 -  FFs/Latches <sys_data_in<15:10>> (without init value) have a constant value of 0 in block <sdram_test>.

Synthesizing (advanced) Unit <sdram_ctrl>.
The following registers are absorbed into counter <cnt_15us>: 1 register on signal <cnt_15us>.
The following registers are absorbed into counter <cnt_clk_r>: 1 register on signal <cnt_clk_r>.
The following registers are absorbed into counter <cnt_200us>: 1 register on signal <cnt_200us>.
Unit <sdram_ctrl> synthesized (advanced).

Synthesizing (advanced) Unit <system_ctrl>.
The following registers are absorbed into counter <delay_cnt>: 1 register on signal <delay_cnt>.
Unit <system_ctrl> synthesized (advanced).

=========================================================================
Advanced HDL Synthesis Report

Macro Statistics
# Adders/Subtractors                                   : 4
 10-bit adder                                          : 1
 22-bit adder                                          : 2
 4-bit adder                                           : 1
# Counters                                             : 4
 10-bit up counter                                     : 1
 11-bit up counter                                     : 1
 15-bit up counter                                     : 1
 9-bit up counter                                      : 1
# Registers                                            : 139
 Flip-Flops                                            : 139
# Comparators                                          : 9
 11-bit comparator greater                             : 1
 15-bit comparator greater                             : 1
 22-bit comparator lessequal                           : 2
 9-bit comparator greater                              : 3
 9-bit comparator lessequal                            : 2
# Multiplexers                                         : 69
 1-bit 2-to-1 multiplexer                              : 17
 10-bit 2-to-1 multiplexer                             : 2
 12-bit 2-to-1 multiplexer                             : 14
 2-bit 2-to-1 multiplexer                              : 14
 22-bit 2-to-1 multiplexer                             : 3
 4-bit 2-to-1 multiplexer                              : 3
 4-bit 4-to-1 multiplexer                              : 1
 5-bit 2-to-1 multiplexer                              : 15
# FSMs                                                 : 2

=========================================================================

=========================================================================
*                         Low Level Synthesis                           *
=========================================================================
Analyzing FSM <MFsm> for best encoding.
Optimizing FSM <u_sdram_2fifo_top/u_sdramtop/module_001/FSM_0> on signal <init_state_r[1:4]> with user encoding.
-------------------
 State | Encoding
-------------------
 0000  | 0000
 0001  | 0001
 0010  | 0010
 0011  | 0011
 0100  | 0100
 0101  | 0101
 0110  | 0110
 0111  | 0111
 1000  | 1000
 1001  | 1001
-------------------
Analyzing FSM <MFsm> for best encoding.
Optimizing FSM <u_sdram_2fifo_top/u_sdramtop/module_001/FSM_1> on signal <work_state_r[1:4]> with user encoding.
-------------------
 State | Encoding
-------------------
 0000  | 0000
 0001  | 0001
 1010  | 1010
 0010  | 0010
 0111  | 0111
 0011  | 0011
 0100  | 0100
 0101  | 0101
 0110  | unreached
 1000  | 1000
 1001  | 1001
 1011  | 1011
-------------------
WARNING:Xst:1710 - FF/Latch <sdram_wraddr_0> (without init value) has a constant value of 0 in block <dcfifo_ctrl>. This FF/Latch will be trimmed during the optimization process.
WARNING:Xst:1895 - Due to other FF/Latch trimming, FF/Latch <sdram_wraddr_1> (without init value) has a constant value of 0 in block <dcfifo_ctrl>. This FF/Latch will be trimmed during the optimization process.
WARNING:Xst:1895 - Due to other FF/Latch trimming, FF/Latch <sdram_wraddr_2> (without init value) has a constant value of 0 in block <dcfifo_ctrl>. This FF/Latch will be trimmed during the optimization process.
WARNING:Xst:1895 - Due to other FF/Latch trimming, FF/Latch <sdram_wraddr_3> (without init value) has a constant value of 0 in block <dcfifo_ctrl>. This FF/Latch will be trimmed during the optimization process.
WARNING:Xst:1895 - Due to other FF/Latch trimming, FF/Latch <sdram_wraddr_4> (without init value) has a constant value of 0 in block <dcfifo_ctrl>. This FF/Latch will be trimmed during the optimization process.
WARNING:Xst:1895 - Due to other FF/Latch trimming, FF/Latch <sdram_wraddr_5> (without init value) has a constant value of 0 in block <dcfifo_ctrl>. This FF/Latch will be trimmed during the optimization process.
WARNING:Xst:1895 - Due to other FF/Latch trimming, FF/Latch <sdram_wraddr_6> (without init value) has a constant value of 0 in block <dcfifo_ctrl>. This FF/Latch will be trimmed during the optimization process.
WARNING:Xst:1895 - Due to other FF/Latch trimming, FF/Latch <sdram_wraddr_7> (without init value) has a constant value of 0 in block <dcfifo_ctrl>. This FF/Latch will be trimmed during the optimization process.
WARNING:Xst:1895 - Due to other FF/Latch trimming, FF/Latch <sdram_rdaddr_0> (without init value) has a constant value of 0 in block <dcfifo_ctrl>. This FF/Latch will be trimmed during the optimization process.
WARNING:Xst:1895 - Due to other FF/Latch trimming, FF/Latch <sdram_rdaddr_1> (without init value) has a constant value of 0 in block <dcfifo_ctrl>. This FF/Latch will be trimmed during the optimization process.
WARNING:Xst:1895 - Due to other FF/Latch trimming, FF/Latch <sdram_rdaddr_2> (without init value) has a constant value of 0 in block <dcfifo_ctrl>. This FF/Latch will be trimmed during the optimization process.
WARNING:Xst:1895 - Due to other FF/Latch trimming, FF/Latch <sdram_rdaddr_3> (without init value) has a constant value of 0 in block <dcfifo_ctrl>. This FF/Latch will be trimmed during the optimization process.
WARNING:Xst:1895 - Due to other FF/Latch trimming, FF/Latch <sdram_rdaddr_4> (without init value) has a constant value of 0 in block <dcfifo_ctrl>. This FF/Latch will be trimmed during the optimization process.
WARNING:Xst:1895 - Due to other FF/Latch trimming, FF/Latch <sdram_rdaddr_5> (without init value) has a constant value of 0 in block <dcfifo_ctrl>. This FF/Latch will be trimmed during the optimization process.
WARNING:Xst:1895 - Due to other FF/Latch trimming, FF/Latch <sdram_rdaddr_6> (without init value) has a constant value of 0 in block <dcfifo_ctrl>. This FF/Latch will be trimmed during the optimization process.
WARNING:Xst:1895 - Due to other FF/Latch trimming, FF/Latch <sdram_rdaddr_7> (without init value) has a constant value of 0 in block <dcfifo_ctrl>. This FF/Latch will be trimmed during the optimization process.

Optimizing unit <sdram_test> ...
WARNING:Xst:1710 - FF/Latch <i_2> (without init value) has a constant value of 0 in block <sdram_test>. This FF/Latch will be trimmed during the optimization process.
WARNING:Xst:1710 - FF/Latch <i_3> (without init value) has a constant value of 0 in block <sdram_test>. This FF/Latch will be trimmed during the optimization process.

Optimizing unit <dcfifo_ctrl> ...

Optimizing unit <sdram_cmd> ...

Optimizing unit <sdram_ctrl> ...
WARNING:Xst:2677 - Node <u_sdram_2fifo_top/u_dcfifo_ctrl/frame_read_done> of sequential type is unconnected in block <sdram_test>.
WARNING:Xst:2677 - Node <u_sdram_2fifo_top/u_dcfifo_ctrl/frame_write_done> of sequential type is unconnected in block <sdram_test>.
WARNING:Xst:1710 - FF/Latch <u_sdram_2fifo_top/u_dcfifo_ctrl/sdram_rdaddr_21> (without init value) has a constant value of 0 in block <sdram_test>. This FF/Latch will be trimmed during the optimization process.
WARNING:Xst:1710 - FF/Latch <u_sdram_2fifo_top/u_dcfifo_ctrl/sdram_wraddr_21> (without init value) has a constant value of 0 in block <sdram_test>. This FF/Latch will be trimmed during the optimization process.

Mapping all equations...
Building and optimizing final netlist ...
Found area constraint ratio of 100 (+ 5) on block sdram_test, actual ratio is 5.
INFO:Xst:2260 - The FF/Latch <U0/xst_fifo_generator/gconvfifo.rf/grf.rf/gntv_or_sync_fifo.gl0.rd/gras.rsts/ram_empty_i> in Unit <u_sdram_2fifo_top/u_dcfifo_ctrl/u_wrfifo> is equivalent to the following FF/Latch : <U0/xst_fifo_generator/gconvfifo.rf/grf.rf/gntv_or_sync_fifo.gl0.rd/gras.rsts/ram_empty_fb_i> 
INFO:Xst:2260 - The FF/Latch <U0/xst_fifo_generator/gconvfifo.rf/grf.rf/rstblk/ngwrdrst.grst.wr_rst_reg_1> in Unit <u_sdram_2fifo_top/u_dcfifo_ctrl/u_wrfifo> is equivalent to the following FF/Latch : <U0/xst_fifo_generator/gconvfifo.rf/grf.rf/rstblk/ngwrdrst.grst.wr_rst_reg_0> 
INFO:Xst:2260 - The FF/Latch <U0/xst_fifo_generator/gconvfifo.rf/grf.rf/rstblk/ngwrdrst.grst.rd_rst_reg_2> in Unit <u_sdram_2fifo_top/u_dcfifo_ctrl/u_wrfifo> is equivalent to the following 2 FFs/Latches : <U0/xst_fifo_generator/gconvfifo.rf/grf.rf/rstblk/ngwrdrst.grst.rd_rst_reg_1> <U0/xst_fifo_generator/gconvfifo.rf/grf.rf/rstblk/ngwrdrst.grst.rd_rst_reg_0> 
INFO:Xst:2260 - The FF/Latch <U0/xst_fifo_generator/gconvfifo.rf/grf.rf/gntv_or_sync_fifo.gl0.wr/gwas.wsts/ram_full_i> in Unit <u_sdram_2fifo_top/u_dcfifo_ctrl/u_wrfifo> is equivalent to the following FF/Latch : <U0/xst_fifo_generator/gconvfifo.rf/grf.rf/gntv_or_sync_fifo.gl0.wr/gwas.wsts/ram_full_fb_i> 
INFO:Xst:2260 - The FF/Latch <U0/xst_fifo_generator/gconvfifo.rf/grf.rf/gntv_or_sync_fifo.gl0.rd/gras.rsts/ram_empty_i> in Unit <u_sdram_2fifo_top/u_dcfifo_ctrl/u_rdfifo> is equivalent to the following FF/Latch : <U0/xst_fifo_generator/gconvfifo.rf/grf.rf/gntv_or_sync_fifo.gl0.rd/gras.rsts/ram_empty_fb_i> 
INFO:Xst:2260 - The FF/Latch <U0/xst_fifo_generator/gconvfifo.rf/grf.rf/rstblk/ngwrdrst.grst.wr_rst_reg_1> in Unit <u_sdram_2fifo_top/u_dcfifo_ctrl/u_rdfifo> is equivalent to the following FF/Latch : <U0/xst_fifo_generator/gconvfifo.rf/grf.rf/rstblk/ngwrdrst.grst.wr_rst_reg_0> 
INFO:Xst:2260 - The FF/Latch <U0/xst_fifo_generator/gconvfifo.rf/grf.rf/rstblk/ngwrdrst.grst.rd_rst_reg_2> in Unit <u_sdram_2fifo_top/u_dcfifo_ctrl/u_rdfifo> is equivalent to the following 2 FFs/Latches : <U0/xst_fifo_generator/gconvfifo.rf/grf.rf/rstblk/ngwrdrst.grst.rd_rst_reg_1> <U0/xst_fifo_generator/gconvfifo.rf/grf.rf/rstblk/ngwrdrst.grst.rd_rst_reg_0> 
INFO:Xst:2260 - The FF/Latch <U0/xst_fifo_generator/gconvfifo.rf/grf.rf/gntv_or_sync_fifo.gl0.wr/gwas.wsts/ram_full_i> in Unit <u_sdram_2fifo_top/u_dcfifo_ctrl/u_rdfifo> is equivalent to the following FF/Latch : <U0/xst_fifo_generator/gconvfifo.rf/grf.rf/gntv_or_sync_fifo.gl0.wr/gwas.wsts/ram_full_fb_i> 
INFO:Xst:2260 - The FF/Latch <U0/xst_fifo_generator/gconvfifo.rf/grf.rf/gntv_or_sync_fifo.gl0.rd/gras.rsts/ram_empty_i> in Unit <u_sdram_2fifo_top/u_dcfifo_ctrl/u_wrfifo> is equivalent to the following FF/Latch : <U0/xst_fifo_generator/gconvfifo.rf/grf.rf/gntv_or_sync_fifo.gl0.rd/gras.rsts/ram_empty_fb_i> 
INFO:Xst:2260 - The FF/Latch <U0/xst_fifo_generator/gconvfifo.rf/grf.rf/rstblk/ngwrdrst.grst.wr_rst_reg_1> in Unit <u_sdram_2fifo_top/u_dcfifo_ctrl/u_wrfifo> is equivalent to the following FF/Latch : <U0/xst_fifo_generator/gconvfifo.rf/grf.rf/rstblk/ngwrdrst.grst.wr_rst_reg_0> 
INFO:Xst:2260 - The FF/Latch <U0/xst_fifo_generator/gconvfifo.rf/grf.rf/rstblk/ngwrdrst.grst.rd_rst_reg_2> in Unit <u_sdram_2fifo_top/u_dcfifo_ctrl/u_wrfifo> is equivalent to the following 2 FFs/Latches : <U0/xst_fifo_generator/gconvfifo.rf/grf.rf/rstblk/ngwrdrst.grst.rd_rst_reg_1> <U0/xst_fifo_generator/gconvfifo.rf/grf.rf/rstblk/ngwrdrst.grst.rd_rst_reg_0> 
INFO:Xst:2260 - The FF/Latch <U0/xst_fifo_generator/gconvfifo.rf/grf.rf/gntv_or_sync_fifo.gl0.wr/gwas.wsts/ram_full_i> in Unit <u_sdram_2fifo_top/u_dcfifo_ctrl/u_wrfifo> is equivalent to the following FF/Latch : <U0/xst_fifo_generator/gconvfifo.rf/grf.rf/gntv_or_sync_fifo.gl0.wr/gwas.wsts/ram_full_fb_i> 
INFO:Xst:2260 - The FF/Latch <U0/xst_fifo_generator/gconvfifo.rf/grf.rf/gntv_or_sync_fifo.gl0.rd/gras.rsts/ram_empty_i> in Unit <u_sdram_2fifo_top/u_dcfifo_ctrl/u_rdfifo> is equivalent to the following FF/Latch : <U0/xst_fifo_generator/gconvfifo.rf/grf.rf/gntv_or_sync_fifo.gl0.rd/gras.rsts/ram_empty_fb_i> 
INFO:Xst:2260 - The FF/Latch <U0/xst_fifo_generator/gconvfifo.rf/grf.rf/rstblk/ngwrdrst.grst.wr_rst_reg_1> in Unit <u_sdram_2fifo_top/u_dcfifo_ctrl/u_rdfifo> is equivalent to the following FF/Latch : <U0/xst_fifo_generator/gconvfifo.rf/grf.rf/rstblk/ngwrdrst.grst.wr_rst_reg_0> 
INFO:Xst:2260 - The FF/Latch <U0/xst_fifo_generator/gconvfifo.rf/grf.rf/rstblk/ngwrdrst.grst.rd_rst_reg_2> in Unit <u_sdram_2fifo_top/u_dcfifo_ctrl/u_rdfifo> is equivalent to the following 2 FFs/Latches : <U0/xst_fifo_generator/gconvfifo.rf/grf.rf/rstblk/ngwrdrst.grst.rd_rst_reg_1> <U0/xst_fifo_generator/gconvfifo.rf/grf.rf/rstblk/ngwrdrst.grst.rd_rst_reg_0> 
INFO:Xst:2260 - The FF/Latch <U0/xst_fifo_generator/gconvfifo.rf/grf.rf/gntv_or_sync_fifo.gl0.wr/gwas.wsts/ram_full_i> in Unit <u_sdram_2fifo_top/u_dcfifo_ctrl/u_rdfifo> is equivalent to the following FF/Latch : <U0/xst_fifo_generator/gconvfifo.rf/grf.rf/gntv_or_sync_fifo.gl0.wr/gwas.wsts/ram_full_fb_i> 
FlipFlop u_sdram_2fifo_top/u_sdramtop/module_001/cnt_clk_r_0 has been replicated 1 time(s)
FlipFlop u_sdram_2fifo_top/u_sdramtop/module_001/cnt_clk_r_1 has been replicated 2 time(s)
FlipFlop u_sdram_2fifo_top/u_sdramtop/module_001/cnt_clk_r_2 has been replicated 1 time(s)
FlipFlop u_sdram_2fifo_top/u_sdramtop/module_001/init_state_r_FSM_FFd1 has been replicated 1 time(s)
FlipFlop u_sdram_2fifo_top/u_sdramtop/module_001/init_state_r_FSM_FFd4 has been replicated 1 time(s)
FlipFlop u_sdram_2fifo_top/u_sdramtop/module_001/work_state_r_FSM_FFd2 has been replicated 1 time(s)
FlipFlop u_sdram_2fifo_top/u_sdramtop/module_001/work_state_r_FSM_FFd3 has been replicated 2 time(s)

Final Macro Processing ...

=========================================================================
Final Register Report

Macro Statistics
# Registers                                            : 179
 Flip-Flops                                            : 179

=========================================================================

=========================================================================
*                           Partition Report                            *
=========================================================================

Partition Implementation Status
-------------------------------

  No Partitions were found in this design.

-------------------------------

=========================================================================
*                            Design Summary                             *
=========================================================================

Top Level Output File Name         : sdram_test.ngc

Primitive and Black Box Usage:
------------------------------
# BELS                             : 776
#      GND                         : 5
#      INV                         : 13
#      LUT1                        : 47
#      LUT2                        : 110
#      LUT3                        : 109
#      LUT4                        : 67
#      LUT5                        : 40
#      LUT6                        : 136
#      MUXCY                       : 137
#      MUXF7                       : 2
#      VCC                         : 3
#      XORCY                       : 107
# FlipFlops/Latches                : 479
#      FD                          : 8
#      FDC                         : 264
#      FDC_1                       : 4
#      FDCE                        : 130
#      FDCE_1                      : 20
#      FDP                         : 46
#      FDP_1                       : 2
#      FDPE                        : 4
#      FDSE                        : 1
# RAMS                             : 2
#      RAMB8BWER                   : 2
# Clock Buffers                    : 4
#      BUFG                        : 4
# IO Buffers                       : 41
#      IBUF                        : 1
#      IBUFG                       : 1
#      IOBUF                       : 16
#      OBUF                        : 23
# DCMs                             : 1
#      DCM_SP                      : 1

Device utilization summary:
---------------------------

Selected Device : 6slx16ftg256-3 


Slice Logic Utilization: 
 Number of Slice Registers:             479  out of  18224     2%  
 Number of Slice LUTs:                  522  out of   9112     5%  
    Number used as Logic:               522  out of   9112     5%  

Slice Logic Distribution: 
 Number of LUT Flip Flop pairs used:    727
   Number with an unused Flip Flop:     248  out of    727    34%  
   Number with an unused LUT:           205  out of    727    28%  
   Number of fully used LUT-FF pairs:   274  out of    727    37%  
   Number of unique control sets:        36

IO Utilization: 
 Number of IOs:                          41
 Number of bonded IOBs:                  41  out of    186    22%  

Specific Feature Utilization:
 Number of Block RAM/FIFO:                1  out of     32     3%  
    Number using Block RAM only:          1
 Number of BUFG/BUFGCTRLs:                4  out of     16    25%  

---------------------------
Partition Resource Summary:
---------------------------

  No Partitions were found in this design.

---------------------------


=========================================================================
Timing Report

NOTE: THESE TIMING NUMBERS ARE ONLY A SYNTHESIS ESTIMATE.
      FOR ACCURATE TIMING INFORMATION PLEASE REFER TO THE TRACE REPORT
      GENERATED AFTER PLACE-and-ROUTE.

Clock Information:
------------------
-----------------------------------+------------------------+-------+
Clock Signal                       | Clock buffer(FF name)  | Load  |
-----------------------------------+------------------------+-------+
clk_50m                            | DCM_SP:CLK0            | 189   |
clk_50m                            | DCM_SP:CLK2X           | 294   |
-----------------------------------+------------------------+-------+

Asynchronous Control Signals Information:
----------------------------------------
No asynchronous control signals found in this design

Timing Summary:
---------------
Speed Grade: -3

   Minimum period: 11.958ns (Maximum Frequency: 83.628MHz)
   Minimum input arrival time before clock: 3.319ns
   Maximum output required time after clock: 4.807ns
   Maximum combinational path delay: No path found

Timing Details:
---------------
All values displayed in nanoseconds (ns)

=========================================================================
Timing constraint: Default period analysis for Clock 'clk_50m'
  Clock period: 11.958ns (frequency: 83.628MHz)
  Total number of paths / destination ports: 14560 / 1151
-------------------------------------------------------------------------
Delay:               5.979ns (Levels of Logic = 5)
  Source:            u_sdram_2fifo_top/u_sdramtop/module_001/cnt_clk_r_4 (FF)
  Destination:       u_sdram_2fifo_top/u_dcfifo_ctrl/u_rdfifo/U0/xst_fifo_generator/gconvfifo.rf/grf.rf/gntv_or_sync_fifo.gl0.wr/wpntr/gic0.gc0.count_d2_8 (FF)
  Source Clock:      clk_50m rising 2.0X
  Destination Clock: clk_50m rising 2.0X

  Data Path: u_sdram_2fifo_top/u_sdramtop/module_001/cnt_clk_r_4 to u_sdram_2fifo_top/u_dcfifo_ctrl/u_rdfifo/U0/xst_fifo_generator/gconvfifo.rf/grf.rf/gntv_or_sync_fifo.gl0.wr/wpntr/gic0.gc0.count_d2_8
                                Gate     Net
    Cell:in->out      fanout   Delay   Delay  Logical Name (Net Name)
    ----------------------------------------  ------------
     FDC:C->Q              7   0.447   1.118  u_sdram_2fifo_top/u_sdramtop/module_001/cnt_clk_r_4 (u_sdram_2fifo_top/u_sdramtop/module_001/cnt_clk_r_4)
     LUT5:I0->O            4   0.203   0.684  u_sdram_2fifo_top/u_sdramtop/module_001/work_state_r_FSM_FFd4-In31_1 (u_sdram_2fifo_top/u_sdramtop/module_001/work_state_r_FSM_FFd4-In31)
     LUT3:I2->O            2   0.205   0.617  u_sdram_2fifo_top/u_sdramtop/module_001/Mmux_cnt_rst_n1211 (u_sdram_2fifo_top/u_sdramtop/module_001/Mmux_cnt_rst_n121)
     LUT6:I5->O            3   0.205   0.755  u_sdram_2fifo_top/u_sdramtop/module_001/sdram_rd_ack1 (u_sdram_2fifo_top/sdram_rd_ack)
     begin scope: 'u_sdram_2fifo_top/u_dcfifo_ctrl/u_rdfifo:wr_en'
     LUT2:I0->O           27   0.203   1.220  U0/xst_fifo_generator/gconvfifo.rf/grf.rf/gntv_or_sync_fifo.gl0.wr/ram_wr_en_i1 (U0/xst_fifo_generator/gconvfifo.rf/grf.rf/ram_wr_en)
     FDPE:CE                   0.322          U0/xst_fifo_generator/gconvfifo.rf/grf.rf/gntv_or_sync_fifo.gl0.wr/wpntr/gic0.gc0.count_1
    ----------------------------------------
    Total                      5.979ns (1.585ns logic, 4.394ns route)
                                       (26.5% logic, 73.5% route)

=========================================================================
Timing constraint: Default OFFSET IN BEFORE for Clock 'clk_50m'
  Total number of paths / destination ports: 27 / 27
-------------------------------------------------------------------------
Offset:              3.319ns (Levels of Logic = 2)
  Source:            reset_n (PAD)
  Destination:       u_system_ctrl/delay_done (FF)
  Destination Clock: clk_50m rising

  Data Path: reset_n to u_system_ctrl/delay_done
                                Gate     Net
    Cell:in->out      fanout   Delay   Delay  Logical Name (Net Name)
    ----------------------------------------  ------------
     IBUF:I->O             1   1.222   0.579  reset_n_IBUF (reset_n_IBUF)
     INV:I->O             11   0.206   0.882  reset_n_inv1_INV_0 (reset_n_inv)
     FDCE:CLR                  0.430          u_system_ctrl/delay_cnt_0
    ----------------------------------------
    Total                      3.319ns (1.858ns logic, 1.461ns route)
                                       (56.0% logic, 44.0% route)

=========================================================================
Timing constraint: Default OFFSET OUT AFTER for Clock 'clk_50m'
  Total number of paths / destination ports: 51 / 35
-------------------------------------------------------------------------
Offset:              4.807ns (Levels of Logic = 2)
  Source:            u_sdram_2fifo_top/u_sdramtop/module_003/sdr_dlink (FF)
  Destination:       S_DB<15> (PAD)
  Source Clock:      clk_50m rising 2.0X

  Data Path: u_sdram_2fifo_top/u_sdramtop/module_003/sdr_dlink to S_DB<15>
                                Gate     Net
    Cell:in->out      fanout   Delay   Delay  Logical Name (Net Name)
    ----------------------------------------  ------------
     FDC:C->Q              1   0.447   0.579  u_sdram_2fifo_top/u_sdramtop/module_003/sdr_dlink (u_sdram_2fifo_top/u_sdramtop/module_003/sdr_dlink)
     INV:I->O             16   0.206   1.004  u_sdram_2fifo_top/u_sdramtop/module_003/sdr_dlink_inv1_INV_0 (u_sdram_2fifo_top/u_sdramtop/module_003/sdr_dlink_inv)
     IOBUF:T->IO               2.571          S_DB_15_IOBUF (S_DB<15>)
    ----------------------------------------
    Total                      4.807ns (3.224ns logic, 1.583ns route)
                                       (67.1% logic, 32.9% route)

=========================================================================

Cross Clock Domains Report:
--------------------------

Clock to Setup on destination clock clk_50m
---------------+---------+---------+---------+---------+
               | Src:Rise| Src:Fall| Src:Rise| Src:Fall|
Source Clock   |Dest:Rise|Dest:Rise|Dest:Fall|Dest:Fall|
---------------+---------+---------+---------+---------+
clk_50m        |    5.979|    2.947|    4.934|         |
---------------+---------+---------+---------+---------+

=========================================================================


Total REAL time to Xst completion: 8.00 secs
Total CPU time to Xst completion: 6.77 secs
 
--> 


Total memory usage is 487488 kilobytes

Number of errors   :    0 (   0 filtered)
Number of warnings :   45 (   0 filtered)
Number of infos    :   30 (   0 filtered)

