#-----------------------------------------------------------
# PlanAhead v14.7 (64-bit)
# Build 321239 by xbuild on Fri Sep 27 19:24:36 MDT 2013
# Start of session at: Thu Aug 11 22:23:13 2022
# Process ID: 31968
# Log file: /home/ise/88-ISE_share/GIT_QSPI_SIMULATOR_V30/PRJ/ise_prj/qspi_flash_simulator/planAhead_run_3/planAhead.log
# Journal file: /home/ise/88-ISE_share/GIT_QSPI_SIMULATOR_V30/PRJ/ise_prj/qspi_flash_simulator/planAhead_run_3/planAhead.jou
#-----------------------------------------------------------
start_gui
source /home/ise/88-ISE_share/GIT_QSPI_SIMULATOR_V30/PRJ/ise_prj/qspi_flash_simulator/pa.fromNetlist.tcl
startgroup
set_property package_pin E6 [get_ports qspi_di_1v8]
endgroup
set_property iostandard LVCMOS18 [get_ports [list qspi_di_1v8]]
startgroup
set_property package_pin D5 [get_ports qspi_do_1v8]
endgroup
set_property iostandard LVCMOS18 [get_ports [list qspi_do_1v8]]
startgroup
set_property package_pin C4 [get_ports qspi_clk_1v8]
endgroup
save_constraints
set_property iostandard LVCMOS18 [get_ports [list qspi_clk_1v8]]
save_constraints
