#-----------------------------------------------------------
# Vivado v2018.3 (64-bit)
# SW Build 2405991 on Thu Dec  6 23:38:27 MST 2018
# IP Build 2404404 on Fri Dec  7 01:43:56 MST 2018
# Start of session at: Mon Jul 25 18:01:07 2022
# Process ID: 20316
# Current directory: D:/88-ISE_share/GIT_QSPI_SIMULATOR_V30-bak0718/SIM/vivado_sim
# Command line: vivado.exe -gui_launcher_event rodinguilauncherevent648 D:\88-ISE_share\GIT_QSPI_SIMULATOR_V30-bak0718\SIM\vivado_sim\ip_vivado.xpr
# Log file: D:/88-ISE_share/GIT_QSPI_SIMULATOR_V30-bak0718/SIM/vivado_sim/vivado.log
# Journal file: D:/88-ISE_share/GIT_QSPI_SIMULATOR_V30-bak0718/SIM/vivado_sim\vivado.jou
#-----------------------------------------------------------
start_gui
open_project D:/88-ISE_share/GIT_QSPI_SIMULATOR_V30-bak0718/SIM/vivado_sim/ip_vivado.xpr
update_compile_order -fileset sources_1
launch_simulation
open_wave_config D:/88-ISE_share/GIT_QSPI_SIMULATOR_V30-bak0718/SIM/vivado_sim/tb_fpga_sdram_top_behav.wcfg
source tb_fpga_qspi_sim.tcl
run 500 us
run 500 us
close_sim
